tesing a file`
